<?xml version="1.0" encoding="UTF-8"?>
<TestRun id="9e12c829-bb9d-4566-9d5e-e7c52c0a02da" name="Bzhuang-cc@2A314-C07 2014-11-28 16:11:31" runUser="CONESTOGAC\Bzhuang-cc" xmlns="http://microsoft.com/schemas/VisualStudio/TeamTest/2010">
  <Times creation="2014-11-28T16:11:31.1318338-05:00" queuing="2014-11-28T16:11:31.1318338-05:00" start="2014-11-28T16:11:31.1358338-05:00" finish="2014-11-28T16:11:31.3358338-05:00" />
  <TestSettings name="default" id="81449c5f-b681-4ca7-b3d3-d383f8a6f4d0">
    <Execution>
      <TestTypeSpecific />
    </Execution>
    <Deployment runDeploymentRoot="Bzhuang-cc_2A314-C07 2014-11-28 16_11_31" />
    <Properties />
  </TestSettings>
  <Results>
    <UnitTestResult executionId="610f9569-d0ee-4501-883c-926ae088801f" testId="b039bf2f-4539-32d7-1a22-35ff1470b23f" testName="NumberOfDigits_UnitTest_1_1" computerName="2A314-C07" duration="00:00:00.0050699" startTime="2014-11-28T16:11:31.0538338-05:00" endTime="2014-11-28T16:11:31.0888338-05:00" testType="13cdc9d9-ddb5-4fa4-a97d-d965ccfc6d4b" outcome="Passed" testListId="8c84fa94-04c1-424b-9868-57a2d4851a1d" relativeResultsDirectory="610f9569-d0ee-4501-883c-926ae088801f" />
    <UnitTestResult executionId="d748c0d8-a64d-40d5-957e-c2ec524789e6" testId="a740ffbc-0e3e-e5bc-7898-1c7a11ecc231" testName="NumberOfDigits_UnitTest_1_2" computerName="2A314-C07" duration="00:00:00.0001277" startTime="2014-11-28T16:11:31.1008338-05:00" endTime="2014-11-28T16:11:31.1008338-05:00" testType="13cdc9d9-ddb5-4fa4-a97d-d965ccfc6d4b" outcome="Passed" testListId="8c84fa94-04c1-424b-9868-57a2d4851a1d" relativeResultsDirectory="d748c0d8-a64d-40d5-957e-c2ec524789e6" />
    <UnitTestResult executionId="2d78c390-ab0d-436b-a30f-a96809607a9b" testId="ad2f1c92-5347-cf85-a930-d62db47d1915" testName="NumberOfDigits_UnitTest_1_3" computerName="2A314-C07" duration="00:00:00.0001155" startTime="2014-11-28T16:11:31.1008338-05:00" endTime="2014-11-28T16:11:31.1008338-05:00" testType="13cdc9d9-ddb5-4fa4-a97d-d965ccfc6d4b" outcome="Passed" testListId="8c84fa94-04c1-424b-9868-57a2d4851a1d" relativeResultsDirectory="2d78c390-ab0d-436b-a30f-a96809607a9b" />
    <UnitTestResult executionId="300c2e75-0eaa-419f-a120-263a7b1248d5" testId="e2503176-11e8-7c3e-674a-0ac2c0f02949" testName="NumberOfDigits_UnitTest_1_4" computerName="2A314-C07" duration="00:00:00.0001167" startTime="2014-11-28T16:11:31.1008338-05:00" endTime="2014-11-28T16:11:31.1008338-05:00" testType="13cdc9d9-ddb5-4fa4-a97d-d965ccfc6d4b" outcome="Passed" testListId="8c84fa94-04c1-424b-9868-57a2d4851a1d" relativeResultsDirectory="300c2e75-0eaa-419f-a120-263a7b1248d5" />
    <UnitTestResult executionId="c8792db9-171a-4434-a666-085f35636664" testId="c8a4f9c8-e132-8a0f-88e4-913ade4e3feb" testName="NumberOfDigits_UnitTest_1_5" computerName="2A314-C07" duration="00:00:00.0000978" startTime="2014-11-28T16:11:31.1008338-05:00" endTime="2014-11-28T16:11:31.1018338-05:00" testType="13cdc9d9-ddb5-4fa4-a97d-d965ccfc6d4b" outcome="Passed" testListId="8c84fa94-04c1-424b-9868-57a2d4851a1d" relativeResultsDirectory="c8792db9-171a-4434-a666-085f35636664" />
    <UnitTestResult executionId="3de6fa37-8b06-440b-a919-def5e2da4683" testId="981fafba-0117-8dc0-5228-61a7f815d444" testName="NumberOfAlphas_UnitTest_2_1" computerName="2A314-C07" duration="00:00:00.0002756" startTime="2014-11-28T16:11:31.1018338-05:00" endTime="2014-11-28T16:11:31.1018338-05:00" testType="13cdc9d9-ddb5-4fa4-a97d-d965ccfc6d4b" outcome="Passed" testListId="8c84fa94-04c1-424b-9868-57a2d4851a1d" relativeResultsDirectory="3de6fa37-8b06-440b-a919-def5e2da4683" />
    <UnitTestResult executionId="517a89e7-d250-4f87-bd87-f7aeba6385d9" testId="d4bf8d11-361b-515c-9c49-53dc6bcad68a" testName="NumberOfAlphas_UnitTest_2_2" computerName="2A314-C07" duration="00:00:00.0000983" startTime="2014-11-28T16:11:31.1018338-05:00" endTime="2014-11-28T16:11:31.1018338-05:00" testType="13cdc9d9-ddb5-4fa4-a97d-d965ccfc6d4b" outcome="Passed" testListId="8c84fa94-04c1-424b-9868-57a2d4851a1d" relativeResultsDirectory="517a89e7-d250-4f87-bd87-f7aeba6385d9" />
    <UnitTestResult executionId="6bd53efc-f0f1-4941-91d5-22ab6dfb2bcd" testId="b5707c60-3a28-e02d-b581-fe789b0ea2b2" testName="NumberOfAlphas_UnitTest_2_3" computerName="2A314-C07" duration="00:00:00.0000950" startTime="2014-11-28T16:11:31.1018338-05:00" endTime="2014-11-28T16:11:31.1018338-05:00" testType="13cdc9d9-ddb5-4fa4-a97d-d965ccfc6d4b" outcome="Passed" testListId="8c84fa94-04c1-424b-9868-57a2d4851a1d" relativeResultsDirectory="6bd53efc-f0f1-4941-91d5-22ab6dfb2bcd" />
    <UnitTestResult executionId="d37f4870-1963-4a38-a646-b5709fc51919" testId="8ce5721e-c349-b7d0-a3a5-43a766bb3250" testName="NumberOfAlphas_UnitTest_2_4" computerName="2A314-C07" duration="00:00:00.0000929" startTime="2014-11-28T16:11:31.1018338-05:00" endTime="2014-11-28T16:11:31.1028338-05:00" testType="13cdc9d9-ddb5-4fa4-a97d-d965ccfc6d4b" outcome="Passed" testListId="8c84fa94-04c1-424b-9868-57a2d4851a1d" relativeResultsDirectory="d37f4870-1963-4a38-a646-b5709fc51919" />
    <UnitTestResult executionId="a8fbe792-fa7b-4975-8be4-0556f6efe673" testId="d75af88f-9103-90a9-27d3-9bd3b4f55b0d" testName="NumberOfAlphas_UnitTest_2_5" computerName="2A314-C07" duration="00:00:00.0001335" startTime="2014-11-28T16:11:31.1088338-05:00" endTime="2014-11-28T16:11:31.1088338-05:00" testType="13cdc9d9-ddb5-4fa4-a97d-d965ccfc6d4b" outcome="Passed" testListId="8c84fa94-04c1-424b-9868-57a2d4851a1d" relativeResultsDirectory="a8fbe792-fa7b-4975-8be4-0556f6efe673" />
    <UnitTestResult executionId="ea2cf2ec-94cb-4393-a1aa-ea2904916ee6" testId="3febb713-03c7-f4ed-9f4d-d028b1d0f71e" testName="NumberOfOthers_UnitTest_3_1" computerName="2A314-C07" duration="00:00:00.0003813" startTime="2014-11-28T16:11:31.1088338-05:00" endTime="2014-11-28T16:11:31.1088338-05:00" testType="13cdc9d9-ddb5-4fa4-a97d-d965ccfc6d4b" outcome="Passed" testListId="8c84fa94-04c1-424b-9868-57a2d4851a1d" relativeResultsDirectory="ea2cf2ec-94cb-4393-a1aa-ea2904916ee6" />
    <UnitTestResult executionId="9f4f2133-9049-451b-b81e-254ac6646a88" testId="d980aaeb-f2f3-d629-630b-ea2503e0b829" testName="NumberOfOthers_UnitTest_3_2" computerName="2A314-C07" duration="00:00:00.0001294" startTime="2014-11-28T16:11:31.1088338-05:00" endTime="2014-11-28T16:11:31.1098338-05:00" testType="13cdc9d9-ddb5-4fa4-a97d-d965ccfc6d4b" outcome="Passed" testListId="8c84fa94-04c1-424b-9868-57a2d4851a1d" relativeResultsDirectory="9f4f2133-9049-451b-b81e-254ac6646a88" />
    <UnitTestResult executionId="3311551e-1714-4a33-953c-fcd73fbe6364" testId="55e436f7-5e2d-434f-3593-b023a7b0a41c" testName="NumberOfOthers_UnitTest_3_3" computerName="2A314-C07" duration="00:00:00.0001384" startTime="2014-11-28T16:11:31.1098338-05:00" endTime="2014-11-28T16:11:31.1098338-05:00" testType="13cdc9d9-ddb5-4fa4-a97d-d965ccfc6d4b" outcome="Passed" testListId="8c84fa94-04c1-424b-9868-57a2d4851a1d" relativeResultsDirectory="3311551e-1714-4a33-953c-fcd73fbe6364" />
    <UnitTestResult executionId="73fc1bc6-2201-4371-ad6e-2f0296493683" testId="fe45d563-f23b-8bc8-655c-884d054d2cb2" testName="NumberOfOthers_UnitTest_3_4" computerName="2A314-C07" duration="00:00:00.0001196" startTime="2014-11-28T16:11:31.1098338-05:00" endTime="2014-11-28T16:11:31.1098338-05:00" testType="13cdc9d9-ddb5-4fa4-a97d-d965ccfc6d4b" outcome="Passed" testListId="8c84fa94-04c1-424b-9868-57a2d4851a1d" relativeResultsDirectory="73fc1bc6-2201-4371-ad6e-2f0296493683" />
    <UnitTestResult executionId="8c719fe2-d585-43e7-90b0-019296bb2cc6" testId="691de89d-d71a-3390-1c47-4aee96892102" testName="NumberOfOthers_UnitTest_3_5" computerName="2A314-C07" duration="00:00:00.0001089" startTime="2014-11-28T16:11:31.1098338-05:00" endTime="2014-11-28T16:11:31.1098338-05:00" testType="13cdc9d9-ddb5-4fa4-a97d-d965ccfc6d4b" outcome="Passed" testListId="8c84fa94-04c1-424b-9868-57a2d4851a1d" relativeResultsDirectory="8c719fe2-d585-43e7-90b0-019296bb2cc6" />
    <UnitTestResult executionId="2cf2df57-7cb3-4ebf-a263-b0583b2ac2be" testId="32fd2eef-3d1c-6fb4-d5c5-ec05457d4027" testName="FindAndExtractDigits_UnitTest_4_1" computerName="2A314-C07" duration="00:00:00.0004149" startTime="2014-11-28T16:11:31.1098338-05:00" endTime="2014-11-28T16:11:31.1108338-05:00" testType="13cdc9d9-ddb5-4fa4-a97d-d965ccfc6d4b" outcome="Passed" testListId="8c84fa94-04c1-424b-9868-57a2d4851a1d" relativeResultsDirectory="2cf2df57-7cb3-4ebf-a263-b0583b2ac2be" />
    <UnitTestResult executionId="e470fe36-5b7e-482f-9f4e-7e9ba14724c5" testId="317c2f7b-c3d3-ba24-563b-04537588cf41" testName="FindAndExtractDigits_UnitTest_4_2" computerName="2A314-C07" duration="00:00:00.0001150" startTime="2014-11-28T16:11:31.1108338-05:00" endTime="2014-11-28T16:11:31.1108338-05:00" testType="13cdc9d9-ddb5-4fa4-a97d-d965ccfc6d4b" outcome="Passed" testListId="8c84fa94-04c1-424b-9868-57a2d4851a1d" relativeResultsDirectory="e470fe36-5b7e-482f-9f4e-7e9ba14724c5" />
    <UnitTestResult executionId="2bd36370-411e-4e3c-b6d5-c0d88fde8f68" testId="41ff868e-e6af-cb8c-6532-3ed8475d6b35" testName="FindAndExtractDigits_UnitTest_4_3" computerName="2A314-C07" duration="00:00:00.0001331" startTime="2014-11-28T16:11:31.1108338-05:00" endTime="2014-11-28T16:11:31.1108338-05:00" testType="13cdc9d9-ddb5-4fa4-a97d-d965ccfc6d4b" outcome="Passed" testListId="8c84fa94-04c1-424b-9868-57a2d4851a1d" relativeResultsDirectory="2bd36370-411e-4e3c-b6d5-c0d88fde8f68" />
    <UnitTestResult executionId="e675956d-48a4-4b81-9801-8c954c350e93" testId="e830580f-96a9-d302-0fb5-77f4e9c71f1e" testName="FindAndExtractDigits_UnitTest_4_4" computerName="2A314-C07" duration="00:00:00.0001011" startTime="2014-11-28T16:11:31.1108338-05:00" endTime="2014-11-28T16:11:31.1118338-05:00" testType="13cdc9d9-ddb5-4fa4-a97d-d965ccfc6d4b" outcome="Passed" testListId="8c84fa94-04c1-424b-9868-57a2d4851a1d" relativeResultsDirectory="e675956d-48a4-4b81-9801-8c954c350e93" />
    <UnitTestResult executionId="abe49249-e963-489d-802e-5e0bf4a78d81" testId="3fdca425-78e9-fb18-7af0-55868ee30b0b" testName="FindAndExtractDigits_UnitTest_4_5" computerName="2A314-C07" duration="00:00:00.0001097" startTime="2014-11-28T16:11:31.1118338-05:00" endTime="2014-11-28T16:11:31.1118338-05:00" testType="13cdc9d9-ddb5-4fa4-a97d-d965ccfc6d4b" outcome="Passed" testListId="8c84fa94-04c1-424b-9868-57a2d4851a1d" relativeResultsDirectory="abe49249-e963-489d-802e-5e0bf4a78d81" />
    <UnitTestResult executionId="ea551e3e-00c2-4b74-87e6-a01dc8fa495c" testId="b7898475-6859-eef3-5910-142d8cf5d5ad" testName="Calc_UnitTest_5_1" computerName="2A314-C07" duration="00:00:00.0002318" startTime="2014-11-28T16:11:31.1118338-05:00" endTime="2014-11-28T16:11:31.1118338-05:00" testType="13cdc9d9-ddb5-4fa4-a97d-d965ccfc6d4b" outcome="Passed" testListId="8c84fa94-04c1-424b-9868-57a2d4851a1d" relativeResultsDirectory="ea551e3e-00c2-4b74-87e6-a01dc8fa495c" />
    <UnitTestResult executionId="4233f9a1-bddf-44d3-93b4-983051c795aa" testId="c9745c98-248d-8ff6-54b6-80eb54b0c8a0" testName="Calc_UnitTest_5_2" computerName="2A314-C07" duration="00:00:00.0282256" startTime="2014-11-28T16:11:31.1118338-05:00" endTime="2014-11-28T16:11:31.1398338-05:00" testType="13cdc9d9-ddb5-4fa4-a97d-d965ccfc6d4b" outcome="Failed" testListId="8c84fa94-04c1-424b-9868-57a2d4851a1d" relativeResultsDirectory="4233f9a1-bddf-44d3-93b4-983051c795aa">
      <Output>
        <ErrorInfo>
          <Message>Assert.AreEqual failed. Expected:&lt;6227020800&gt;. Actual:&lt;1932053504&gt;. The calculation result of Factorial() is incorrect</Message>
          <StackTrace>   at UnitTest.Functions_UnitTest.Calc_UnitTest_5_2() in c:\Users\Bzhuang-cc\Desktop\becky-s-repository\Assignment-3\UnitTest\Functions_UnitTest.cs:line 570
</StackTrace>
        </ErrorInfo>
      </Output>
    </UnitTestResult>
    <UnitTestResult executionId="a7f86b5b-1d8b-4b4f-b6bf-2ee1bf283808" testId="312a84f9-3038-abfa-cda8-e6dcd03cdad5" testName="Calc_UnitTest_5_3" computerName="2A314-C07" duration="00:00:00.0001236" startTime="2014-11-28T16:11:31.1408338-05:00" endTime="2014-11-28T16:11:31.1408338-05:00" testType="13cdc9d9-ddb5-4fa4-a97d-d965ccfc6d4b" outcome="Passed" testListId="8c84fa94-04c1-424b-9868-57a2d4851a1d" relativeResultsDirectory="a7f86b5b-1d8b-4b4f-b6bf-2ee1bf283808" />
    <UnitTestResult executionId="da6e1f9c-62fe-4e74-9550-58e367799d3e" testId="2f9058af-b650-5a25-781a-ea51885ad716" testName="Calc_UnitTest_5_4" computerName="2A314-C07" duration="00:00:00.0001146" startTime="2014-11-28T16:11:31.1408338-05:00" endTime="2014-11-28T16:11:31.1408338-05:00" testType="13cdc9d9-ddb5-4fa4-a97d-d965ccfc6d4b" outcome="Passed" testListId="8c84fa94-04c1-424b-9868-57a2d4851a1d" relativeResultsDirectory="da6e1f9c-62fe-4e74-9550-58e367799d3e" />
    <UnitTestResult executionId="1c03d476-3778-4b77-b447-2aa334c4a65c" testId="295002d9-fba9-ff83-df95-7678a7b20fa1" testName="Calc_UnitTest_5_5" computerName="2A314-C07" duration="00:00:00.0001376" startTime="2014-11-28T16:11:31.1408338-05:00" endTime="2014-11-28T16:11:31.1408338-05:00" testType="13cdc9d9-ddb5-4fa4-a97d-d965ccfc6d4b" outcome="Passed" testListId="8c84fa94-04c1-424b-9868-57a2d4851a1d" relativeResultsDirectory="1c03d476-3778-4b77-b447-2aa334c4a65c" />
  </Results>
  <TestDefinitions>
    <UnitTest name="NumberOfDigits_UnitTest_1_1" storage="c:\users\bzhuang-cc\desktop\becky-s-repository\assignment-3\unittest\bin\debug\unittest.dll" id="b039bf2f-4539-32d7-1a22-35ff1470b23f">
      <Execution id="610f9569-d0ee-4501-883c-926ae088801f" />
      <TestMethod codeBase="C:\Users\Bzhuang-cc\Desktop\becky-s-repository\Assignment-3\UnitTest\bin\Debug\UnitTest.dll" adapterTypeName="Microsoft.VisualStudio.TestTools.TestTypes.Unit.UnitTestAdapter" className="UnitTest.Functions_UnitTest" name="NumberOfDigits_UnitTest_1_1" />
    </UnitTest>
    <UnitTest name="NumberOfDigits_UnitTest_1_2" storage="c:\users\bzhuang-cc\desktop\becky-s-repository\assignment-3\unittest\bin\debug\unittest.dll" id="a740ffbc-0e3e-e5bc-7898-1c7a11ecc231">
      <Execution id="d748c0d8-a64d-40d5-957e-c2ec524789e6" />
      <TestMethod codeBase="C:\Users\Bzhuang-cc\Desktop\becky-s-repository\Assignment-3\UnitTest\bin\Debug\UnitTest.dll" adapterTypeName="Microsoft.VisualStudio.TestTools.TestTypes.Unit.UnitTestAdapter" className="UnitTest.Functions_UnitTest" name="NumberOfDigits_UnitTest_1_2" />
    </UnitTest>
    <UnitTest name="NumberOfDigits_UnitTest_1_3" storage="c:\users\bzhuang-cc\desktop\becky-s-repository\assignment-3\unittest\bin\debug\unittest.dll" id="ad2f1c92-5347-cf85-a930-d62db47d1915">
      <Execution id="2d78c390-ab0d-436b-a30f-a96809607a9b" />
      <TestMethod codeBase="C:\Users\Bzhuang-cc\Desktop\becky-s-repository\Assignment-3\UnitTest\bin\Debug\UnitTest.dll" adapterTypeName="Microsoft.VisualStudio.TestTools.TestTypes.Unit.UnitTestAdapter" className="UnitTest.Functions_UnitTest" name="NumberOfDigits_UnitTest_1_3" />
    </UnitTest>
    <UnitTest name="NumberOfDigits_UnitTest_1_4" storage="c:\users\bzhuang-cc\desktop\becky-s-repository\assignment-3\unittest\bin\debug\unittest.dll" id="e2503176-11e8-7c3e-674a-0ac2c0f02949">
      <Execution id="300c2e75-0eaa-419f-a120-263a7b1248d5" />
      <TestMethod codeBase="C:\Users\Bzhuang-cc\Desktop\becky-s-repository\Assignment-3\UnitTest\bin\Debug\UnitTest.dll" adapterTypeName="Microsoft.VisualStudio.TestTools.TestTypes.Unit.UnitTestAdapter" className="UnitTest.Functions_UnitTest" name="NumberOfDigits_UnitTest_1_4" />
    </UnitTest>
    <UnitTest name="NumberOfDigits_UnitTest_1_5" storage="c:\users\bzhuang-cc\desktop\becky-s-repository\assignment-3\unittest\bin\debug\unittest.dll" id="c8a4f9c8-e132-8a0f-88e4-913ade4e3feb">
      <Execution id="c8792db9-171a-4434-a666-085f35636664" />
      <TestMethod codeBase="C:\Users\Bzhuang-cc\Desktop\becky-s-repository\Assignment-3\UnitTest\bin\Debug\UnitTest.dll" adapterTypeName="Microsoft.VisualStudio.TestTools.TestTypes.Unit.UnitTestAdapter" className="UnitTest.Functions_UnitTest" name="NumberOfDigits_UnitTest_1_5" />
    </UnitTest>
    <UnitTest name="NumberOfAlphas_UnitTest_2_1" storage="c:\users\bzhuang-cc\desktop\becky-s-repository\assignment-3\unittest\bin\debug\unittest.dll" id="981fafba-0117-8dc0-5228-61a7f815d444">
      <Execution id="3de6fa37-8b06-440b-a919-def5e2da4683" />
      <TestMethod codeBase="C:\Users\Bzhuang-cc\Desktop\becky-s-repository\Assignment-3\UnitTest\bin\Debug\UnitTest.dll" adapterTypeName="Microsoft.VisualStudio.TestTools.TestTypes.Unit.UnitTestAdapter" className="UnitTest.Functions_UnitTest" name="NumberOfAlphas_UnitTest_2_1" />
    </UnitTest>
    <UnitTest name="NumberOfAlphas_UnitTest_2_2" storage="c:\users\bzhuang-cc\desktop\becky-s-repository\assignment-3\unittest\bin\debug\unittest.dll" id="d4bf8d11-361b-515c-9c49-53dc6bcad68a">
      <Execution id="517a89e7-d250-4f87-bd87-f7aeba6385d9" />
      <TestMethod codeBase="C:\Users\Bzhuang-cc\Desktop\becky-s-repository\Assignment-3\UnitTest\bin\Debug\UnitTest.dll" adapterTypeName="Microsoft.VisualStudio.TestTools.TestTypes.Unit.UnitTestAdapter" className="UnitTest.Functions_UnitTest" name="NumberOfAlphas_UnitTest_2_2" />
    </UnitTest>
    <UnitTest name="NumberOfAlphas_UnitTest_2_3" storage="c:\users\bzhuang-cc\desktop\becky-s-repository\assignment-3\unittest\bin\debug\unittest.dll" id="b5707c60-3a28-e02d-b581-fe789b0ea2b2">
      <Execution id="6bd53efc-f0f1-4941-91d5-22ab6dfb2bcd" />
      <TestMethod codeBase="C:\Users\Bzhuang-cc\Desktop\becky-s-repository\Assignment-3\UnitTest\bin\Debug\UnitTest.dll" adapterTypeName="Microsoft.VisualStudio.TestTools.TestTypes.Unit.UnitTestAdapter" className="UnitTest.Functions_UnitTest" name="NumberOfAlphas_UnitTest_2_3" />
    </UnitTest>
    <UnitTest name="NumberOfAlphas_UnitTest_2_4" storage="c:\users\bzhuang-cc\desktop\becky-s-repository\assignment-3\unittest\bin\debug\unittest.dll" id="8ce5721e-c349-b7d0-a3a5-43a766bb3250">
      <Execution id="d37f4870-1963-4a38-a646-b5709fc51919" />
      <TestMethod codeBase="C:\Users\Bzhuang-cc\Desktop\becky-s-repository\Assignment-3\UnitTest\bin\Debug\UnitTest.dll" adapterTypeName="Microsoft.VisualStudio.TestTools.TestTypes.Unit.UnitTestAdapter" className="UnitTest.Functions_UnitTest" name="NumberOfAlphas_UnitTest_2_4" />
    </UnitTest>
    <UnitTest name="NumberOfAlphas_UnitTest_2_5" storage="c:\users\bzhuang-cc\desktop\becky-s-repository\assignment-3\unittest\bin\debug\unittest.dll" id="d75af88f-9103-90a9-27d3-9bd3b4f55b0d">
      <Execution id="a8fbe792-fa7b-4975-8be4-0556f6efe673" />
      <TestMethod codeBase="C:\Users\Bzhuang-cc\Desktop\becky-s-repository\Assignment-3\UnitTest\bin\Debug\UnitTest.dll" adapterTypeName="Microsoft.VisualStudio.TestTools.TestTypes.Unit.UnitTestAdapter" className="UnitTest.Functions_UnitTest" name="NumberOfAlphas_UnitTest_2_5" />
    </UnitTest>
    <UnitTest name="NumberOfOthers_UnitTest_3_1" storage="c:\users\bzhuang-cc\desktop\becky-s-repository\assignment-3\unittest\bin\debug\unittest.dll" id="3febb713-03c7-f4ed-9f4d-d028b1d0f71e">
      <Execution id="ea2cf2ec-94cb-4393-a1aa-ea2904916ee6" />
      <TestMethod codeBase="C:\Users\Bzhuang-cc\Desktop\becky-s-repository\Assignment-3\UnitTest\bin\Debug\UnitTest.dll" adapterTypeName="Microsoft.VisualStudio.TestTools.TestTypes.Unit.UnitTestAdapter" className="UnitTest.Functions_UnitTest" name="NumberOfOthers_UnitTest_3_1" />
    </UnitTest>
    <UnitTest name="NumberOfOthers_UnitTest_3_2" storage="c:\users\bzhuang-cc\desktop\becky-s-repository\assignment-3\unittest\bin\debug\unittest.dll" id="d980aaeb-f2f3-d629-630b-ea2503e0b829">
      <Execution id="9f4f2133-9049-451b-b81e-254ac6646a88" />
      <TestMethod codeBase="C:\Users\Bzhuang-cc\Desktop\becky-s-repository\Assignment-3\UnitTest\bin\Debug\UnitTest.dll" adapterTypeName="Microsoft.VisualStudio.TestTools.TestTypes.Unit.UnitTestAdapter" className="UnitTest.Functions_UnitTest" name="NumberOfOthers_UnitTest_3_2" />
    </UnitTest>
    <UnitTest name="NumberOfOthers_UnitTest_3_3" storage="c:\users\bzhuang-cc\desktop\becky-s-repository\assignment-3\unittest\bin\debug\unittest.dll" id="55e436f7-5e2d-434f-3593-b023a7b0a41c">
      <Execution id="3311551e-1714-4a33-953c-fcd73fbe6364" />
      <TestMethod codeBase="C:\Users\Bzhuang-cc\Desktop\becky-s-repository\Assignment-3\UnitTest\bin\Debug\UnitTest.dll" adapterTypeName="Microsoft.VisualStudio.TestTools.TestTypes.Unit.UnitTestAdapter" className="UnitTest.Functions_UnitTest" name="NumberOfOthers_UnitTest_3_3" />
    </UnitTest>
    <UnitTest name="NumberOfOthers_UnitTest_3_4" storage="c:\users\bzhuang-cc\desktop\becky-s-repository\assignment-3\unittest\bin\debug\unittest.dll" id="fe45d563-f23b-8bc8-655c-884d054d2cb2">
      <Execution id="73fc1bc6-2201-4371-ad6e-2f0296493683" />
      <TestMethod codeBase="C:\Users\Bzhuang-cc\Desktop\becky-s-repository\Assignment-3\UnitTest\bin\Debug\UnitTest.dll" adapterTypeName="Microsoft.VisualStudio.TestTools.TestTypes.Unit.UnitTestAdapter" className="UnitTest.Functions_UnitTest" name="NumberOfOthers_UnitTest_3_4" />
    </UnitTest>
    <UnitTest name="NumberOfOthers_UnitTest_3_5" storage="c:\users\bzhuang-cc\desktop\becky-s-repository\assignment-3\unittest\bin\debug\unittest.dll" id="691de89d-d71a-3390-1c47-4aee96892102">
      <Execution id="8c719fe2-d585-43e7-90b0-019296bb2cc6" />
      <TestMethod codeBase="C:\Users\Bzhuang-cc\Desktop\becky-s-repository\Assignment-3\UnitTest\bin\Debug\UnitTest.dll" adapterTypeName="Microsoft.VisualStudio.TestTools.TestTypes.Unit.UnitTestAdapter" className="UnitTest.Functions_UnitTest" name="NumberOfOthers_UnitTest_3_5" />
    </UnitTest>
    <UnitTest name="FindAndExtractDigits_UnitTest_4_1" storage="c:\users\bzhuang-cc\desktop\becky-s-repository\assignment-3\unittest\bin\debug\unittest.dll" id="32fd2eef-3d1c-6fb4-d5c5-ec05457d4027">
      <Execution id="2cf2df57-7cb3-4ebf-a263-b0583b2ac2be" />
      <TestMethod codeBase="C:\Users\Bzhuang-cc\Desktop\becky-s-repository\Assignment-3\UnitTest\bin\Debug\UnitTest.dll" adapterTypeName="Microsoft.VisualStudio.TestTools.TestTypes.Unit.UnitTestAdapter" className="UnitTest.Functions_UnitTest" name="FindAndExtractDigits_UnitTest_4_1" />
    </UnitTest>
    <UnitTest name="FindAndExtractDigits_UnitTest_4_2" storage="c:\users\bzhuang-cc\desktop\becky-s-repository\assignment-3\unittest\bin\debug\unittest.dll" id="317c2f7b-c3d3-ba24-563b-04537588cf41">
      <Execution id="e470fe36-5b7e-482f-9f4e-7e9ba14724c5" />
      <TestMethod codeBase="C:\Users\Bzhuang-cc\Desktop\becky-s-repository\Assignment-3\UnitTest\bin\Debug\UnitTest.dll" adapterTypeName="Microsoft.VisualStudio.TestTools.TestTypes.Unit.UnitTestAdapter" className="UnitTest.Functions_UnitTest" name="FindAndExtractDigits_UnitTest_4_2" />
    </UnitTest>
    <UnitTest name="FindAndExtractDigits_UnitTest_4_3" storage="c:\users\bzhuang-cc\desktop\becky-s-repository\assignment-3\unittest\bin\debug\unittest.dll" id="41ff868e-e6af-cb8c-6532-3ed8475d6b35">
      <Execution id="2bd36370-411e-4e3c-b6d5-c0d88fde8f68" />
      <TestMethod codeBase="C:\Users\Bzhuang-cc\Desktop\becky-s-repository\Assignment-3\UnitTest\bin\Debug\UnitTest.dll" adapterTypeName="Microsoft.VisualStudio.TestTools.TestTypes.Unit.UnitTestAdapter" className="UnitTest.Functions_UnitTest" name="FindAndExtractDigits_UnitTest_4_3" />
    </UnitTest>
    <UnitTest name="FindAndExtractDigits_UnitTest_4_4" storage="c:\users\bzhuang-cc\desktop\becky-s-repository\assignment-3\unittest\bin\debug\unittest.dll" id="e830580f-96a9-d302-0fb5-77f4e9c71f1e">
      <Execution id="e675956d-48a4-4b81-9801-8c954c350e93" />
      <TestMethod codeBase="C:\Users\Bzhuang-cc\Desktop\becky-s-repository\Assignment-3\UnitTest\bin\Debug\UnitTest.dll" adapterTypeName="Microsoft.VisualStudio.TestTools.TestTypes.Unit.UnitTestAdapter" className="UnitTest.Functions_UnitTest" name="FindAndExtractDigits_UnitTest_4_4" />
    </UnitTest>
    <UnitTest name="FindAndExtractDigits_UnitTest_4_5" storage="c:\users\bzhuang-cc\desktop\becky-s-repository\assignment-3\unittest\bin\debug\unittest.dll" id="3fdca425-78e9-fb18-7af0-55868ee30b0b">
      <Execution id="abe49249-e963-489d-802e-5e0bf4a78d81" />
      <TestMethod codeBase="C:\Users\Bzhuang-cc\Desktop\becky-s-repository\Assignment-3\UnitTest\bin\Debug\UnitTest.dll" adapterTypeName="Microsoft.VisualStudio.TestTools.TestTypes.Unit.UnitTestAdapter" className="UnitTest.Functions_UnitTest" name="FindAndExtractDigits_UnitTest_4_5" />
    </UnitTest>
    <UnitTest name="Calc_UnitTest_5_1" storage="c:\users\bzhuang-cc\desktop\becky-s-repository\assignment-3\unittest\bin\debug\unittest.dll" id="b7898475-6859-eef3-5910-142d8cf5d5ad">
      <Execution id="ea551e3e-00c2-4b74-87e6-a01dc8fa495c" />
      <TestMethod codeBase="C:\Users\Bzhuang-cc\Desktop\becky-s-repository\Assignment-3\UnitTest\bin\Debug\UnitTest.dll" adapterTypeName="Microsoft.VisualStudio.TestTools.TestTypes.Unit.UnitTestAdapter" className="UnitTest.Functions_UnitTest" name="Calc_UnitTest_5_1" />
    </UnitTest>
    <UnitTest name="Calc_UnitTest_5_2" storage="c:\users\bzhuang-cc\desktop\becky-s-repository\assignment-3\unittest\bin\debug\unittest.dll" id="c9745c98-248d-8ff6-54b6-80eb54b0c8a0">
      <Execution id="4233f9a1-bddf-44d3-93b4-983051c795aa" />
      <TestMethod codeBase="C:\Users\Bzhuang-cc\Desktop\becky-s-repository\Assignment-3\UnitTest\bin\Debug\UnitTest.dll" adapterTypeName="Microsoft.VisualStudio.TestTools.TestTypes.Unit.UnitTestAdapter" className="UnitTest.Functions_UnitTest" name="Calc_UnitTest_5_2" />
    </UnitTest>
    <UnitTest name="Calc_UnitTest_5_3" storage="c:\users\bzhuang-cc\desktop\becky-s-repository\assignment-3\unittest\bin\debug\unittest.dll" id="312a84f9-3038-abfa-cda8-e6dcd03cdad5">
      <Execution id="a7f86b5b-1d8b-4b4f-b6bf-2ee1bf283808" />
      <TestMethod codeBase="C:\Users\Bzhuang-cc\Desktop\becky-s-repository\Assignment-3\UnitTest\bin\Debug\UnitTest.dll" adapterTypeName="Microsoft.VisualStudio.TestTools.TestTypes.Unit.UnitTestAdapter" className="UnitTest.Functions_UnitTest" name="Calc_UnitTest_5_3" />
    </UnitTest>
    <UnitTest name="Calc_UnitTest_5_4" storage="c:\users\bzhuang-cc\desktop\becky-s-repository\assignment-3\unittest\bin\debug\unittest.dll" id="2f9058af-b650-5a25-781a-ea51885ad716">
      <Execution id="da6e1f9c-62fe-4e74-9550-58e367799d3e" />
      <TestMethod codeBase="C:\Users\Bzhuang-cc\Desktop\becky-s-repository\Assignment-3\UnitTest\bin\Debug\UnitTest.dll" adapterTypeName="Microsoft.VisualStudio.TestTools.TestTypes.Unit.UnitTestAdapter" className="UnitTest.Functions_UnitTest" name="Calc_UnitTest_5_4" />
    </UnitTest>
    <UnitTest name="Calc_UnitTest_5_5" storage="c:\users\bzhuang-cc\desktop\becky-s-repository\assignment-3\unittest\bin\debug\unittest.dll" id="295002d9-fba9-ff83-df95-7678a7b20fa1">
      <Execution id="1c03d476-3778-4b77-b447-2aa334c4a65c" />
      <TestMethod codeBase="C:\Users\Bzhuang-cc\Desktop\becky-s-repository\Assignment-3\UnitTest\bin\Debug\UnitTest.dll" adapterTypeName="Microsoft.VisualStudio.TestTools.TestTypes.Unit.UnitTestAdapter" className="UnitTest.Functions_UnitTest" name="Calc_UnitTest_5_5" />
    </UnitTest>
  </TestDefinitions>
  <TestEntries>
    <TestEntry testId="b039bf2f-4539-32d7-1a22-35ff1470b23f" executionId="610f9569-d0ee-4501-883c-926ae088801f" testListId="8c84fa94-04c1-424b-9868-57a2d4851a1d" />
    <TestEntry testId="a740ffbc-0e3e-e5bc-7898-1c7a11ecc231" executionId="d748c0d8-a64d-40d5-957e-c2ec524789e6" testListId="8c84fa94-04c1-424b-9868-57a2d4851a1d" />
    <TestEntry testId="ad2f1c92-5347-cf85-a930-d62db47d1915" executionId="2d78c390-ab0d-436b-a30f-a96809607a9b" testListId="8c84fa94-04c1-424b-9868-57a2d4851a1d" />
    <TestEntry testId="e2503176-11e8-7c3e-674a-0ac2c0f02949" executionId="300c2e75-0eaa-419f-a120-263a7b1248d5" testListId="8c84fa94-04c1-424b-9868-57a2d4851a1d" />
    <TestEntry testId="c8a4f9c8-e132-8a0f-88e4-913ade4e3feb" executionId="c8792db9-171a-4434-a666-085f35636664" testListId="8c84fa94-04c1-424b-9868-57a2d4851a1d" />
    <TestEntry testId="981fafba-0117-8dc0-5228-61a7f815d444" executionId="3de6fa37-8b06-440b-a919-def5e2da4683" testListId="8c84fa94-04c1-424b-9868-57a2d4851a1d" />
    <TestEntry testId="d4bf8d11-361b-515c-9c49-53dc6bcad68a" executionId="517a89e7-d250-4f87-bd87-f7aeba6385d9" testListId="8c84fa94-04c1-424b-9868-57a2d4851a1d" />
    <TestEntry testId="b5707c60-3a28-e02d-b581-fe789b0ea2b2" executionId="6bd53efc-f0f1-4941-91d5-22ab6dfb2bcd" testListId="8c84fa94-04c1-424b-9868-57a2d4851a1d" />
    <TestEntry testId="8ce5721e-c349-b7d0-a3a5-43a766bb3250" executionId="d37f4870-1963-4a38-a646-b5709fc51919" testListId="8c84fa94-04c1-424b-9868-57a2d4851a1d" />
    <TestEntry testId="d75af88f-9103-90a9-27d3-9bd3b4f55b0d" executionId="a8fbe792-fa7b-4975-8be4-0556f6efe673" testListId="8c84fa94-04c1-424b-9868-57a2d4851a1d" />
    <TestEntry testId="3febb713-03c7-f4ed-9f4d-d028b1d0f71e" executionId="ea2cf2ec-94cb-4393-a1aa-ea2904916ee6" testListId="8c84fa94-04c1-424b-9868-57a2d4851a1d" />
    <TestEntry testId="d980aaeb-f2f3-d629-630b-ea2503e0b829" executionId="9f4f2133-9049-451b-b81e-254ac6646a88" testListId="8c84fa94-04c1-424b-9868-57a2d4851a1d" />
    <TestEntry testId="55e436f7-5e2d-434f-3593-b023a7b0a41c" executionId="3311551e-1714-4a33-953c-fcd73fbe6364" testListId="8c84fa94-04c1-424b-9868-57a2d4851a1d" />
    <TestEntry testId="fe45d563-f23b-8bc8-655c-884d054d2cb2" executionId="73fc1bc6-2201-4371-ad6e-2f0296493683" testListId="8c84fa94-04c1-424b-9868-57a2d4851a1d" />
    <TestEntry testId="691de89d-d71a-3390-1c47-4aee96892102" executionId="8c719fe2-d585-43e7-90b0-019296bb2cc6" testListId="8c84fa94-04c1-424b-9868-57a2d4851a1d" />
    <TestEntry testId="32fd2eef-3d1c-6fb4-d5c5-ec05457d4027" executionId="2cf2df57-7cb3-4ebf-a263-b0583b2ac2be" testListId="8c84fa94-04c1-424b-9868-57a2d4851a1d" />
    <TestEntry testId="317c2f7b-c3d3-ba24-563b-04537588cf41" executionId="e470fe36-5b7e-482f-9f4e-7e9ba14724c5" testListId="8c84fa94-04c1-424b-9868-57a2d4851a1d" />
    <TestEntry testId="41ff868e-e6af-cb8c-6532-3ed8475d6b35" executionId="2bd36370-411e-4e3c-b6d5-c0d88fde8f68" testListId="8c84fa94-04c1-424b-9868-57a2d4851a1d" />
    <TestEntry testId="e830580f-96a9-d302-0fb5-77f4e9c71f1e" executionId="e675956d-48a4-4b81-9801-8c954c350e93" testListId="8c84fa94-04c1-424b-9868-57a2d4851a1d" />
    <TestEntry testId="3fdca425-78e9-fb18-7af0-55868ee30b0b" executionId="abe49249-e963-489d-802e-5e0bf4a78d81" testListId="8c84fa94-04c1-424b-9868-57a2d4851a1d" />
    <TestEntry testId="b7898475-6859-eef3-5910-142d8cf5d5ad" executionId="ea551e3e-00c2-4b74-87e6-a01dc8fa495c" testListId="8c84fa94-04c1-424b-9868-57a2d4851a1d" />
    <TestEntry testId="c9745c98-248d-8ff6-54b6-80eb54b0c8a0" executionId="4233f9a1-bddf-44d3-93b4-983051c795aa" testListId="8c84fa94-04c1-424b-9868-57a2d4851a1d" />
    <TestEntry testId="312a84f9-3038-abfa-cda8-e6dcd03cdad5" executionId="a7f86b5b-1d8b-4b4f-b6bf-2ee1bf283808" testListId="8c84fa94-04c1-424b-9868-57a2d4851a1d" />
    <TestEntry testId="2f9058af-b650-5a25-781a-ea51885ad716" executionId="da6e1f9c-62fe-4e74-9550-58e367799d3e" testListId="8c84fa94-04c1-424b-9868-57a2d4851a1d" />
    <TestEntry testId="295002d9-fba9-ff83-df95-7678a7b20fa1" executionId="1c03d476-3778-4b77-b447-2aa334c4a65c" testListId="8c84fa94-04c1-424b-9868-57a2d4851a1d" />
  </TestEntries>
  <TestLists>
    <TestList name="Results Not in a List" id="8c84fa94-04c1-424b-9868-57a2d4851a1d" />
    <TestList name="All Loaded Results" id="19431567-8539-422a-85d7-44ee4e166bda" />
  </TestLists>
  <ResultSummary outcome="Failed">
    <Counters total="25" executed="25" passed="24" failed="1" error="0" timeout="0" aborted="0" inconclusive="0" passedButRunAborted="0" notRunnable="0" notExecuted="0" disconnected="0" warning="0" completed="0" inProgress="0" pending="0" />
  </ResultSummary>
</TestRun>